........................................................................ [ 30%]
........................................................................ [ 60%]
...............................................FF....................... [ 91%]
.....................                                                    [100%]
=================================== FAILURES ===================================
__________________ test_actual_posix_terminal_binding[accept] __________________
tests/test_platform_io.py:94: in test_actual_posix_terminal_binding
    master, slave = pty.openpty()
                    ^^^^^^^^^^^^^
../../pythons/cpython-3.12.15-linux-x86_64-gnu/lib/python3.12/pty.py:34: in openpty
    master_fd, slave_name = _open_terminal()
                            ^^^^^^^^^^^^^^^^
../../pythons/cpython-3.12.15-linux-x86_64-gnu/lib/python3.12/pty.py:67: in _open_terminal
    raise OSError('out of pty devices')
E   OSError: out of pty devices
__________________ test_actual_posix_terminal_binding[cancel] __________________
tests/test_platform_io.py:94: in test_actual_posix_terminal_binding
    master, slave = pty.openpty()
                    ^^^^^^^^^^^^^
../../pythons/cpython-3.12.15-linux-x86_64-gnu/lib/python3.12/pty.py:34: in openpty
    master_fd, slave_name = _open_terminal()
                            ^^^^^^^^^^^^^^^^
../../pythons/cpython-3.12.15-linux-x86_64-gnu/lib/python3.12/pty.py:67: in _open_terminal
    raise OSError('out of pty devices')
E   OSError: out of pty devices
=========================== short test summary info ============================
FAILED tests/test_platform_io.py::test_actual_posix_terminal_binding[accept]
FAILED tests/test_platform_io.py::test_actual_posix_terminal_binding[cancel]
2 failed, 235 passed in 223.17s (0:03:43)
